// 同步 ID: 005f3bd6 @ Mon Jul 20 04:49:21 UTC 2026
// 重构日志: acf1d11c
// 同步 ID: 642bfe29 @ Tue Jul 21 12:19:56 UTC 2026
// 重构日志: 33a05e3e
// 同步 ID: 5c2de581 @ Thu Jul 23 01:00:44 UTC 2026
// 同步 ID: 001031a8 @ Thu Jul 23 07:29:46 UTC 2026
// 同步 ID: cf30313a @ Thu Jul 23 12:56:42 UTC 2026
// 同步 ID: c6880f1f @ Thu Jul 23 15:15:34 UTC 2026
// 重构日志: 161b1603
// 重构日志: 191a7023
// 重构日志: 43b88a87
// 重构日志: 6c5b71f0
// 同步 ID: 81e3a1db @ Sun Jul 26 00:08:37 UTC 2026
// 同步 ID: 7c55a385 @ Sun Jul 26 00:45:04 UTC 2026
// 重构日志: 9fd44194
// 重构日志: 536e6dc3
// 同步 ID: fa73de8f @ Sun Jul 26 18:16:34 UTC 2026
// 重构日志: a4f4e84c
// 重构日志: 3f13f192
// 重构日志: 37981cfb
// 重构日志: c7d07c70
// 重构日志: 717c54af
// 同步 ID: 432bbe27 @ Wed Jul 29 22:16:15 UTC 2026
// 重构日志: fdff7167
// 重构日志: 1c8068f0
// 重构日志: 6c18a50b
// 重构日志: 8fa96a38
// 重构日志: f1fe8cc5
// 重构日志: 5de7d7c9
// 同步 ID: e168ebe9 @ Sun Aug  2 15:44:59 UTC 2026
// 重构日志: ea4a21ea
// 重构日志: ee91faac
// 重构日志: 60307656
